// Jest Snapshot v1, https://goo.gl/fbAQLP

exports[`StatusBtn component Renders correctly 1`] = `
<button
  className="issue-state-btn Testing"
  id="test"
  onClick={[Function]}
  type="button"
>
  Testing
</button>
`;
