// Jest Snapshot v1, https://goo.gl/fbAQLP

exports[`Main component Renders correctly 1`] = `
<main
  className="main-application-container"
/>
`;
